// 同步 ID: a2c97b13 @ Sat Jul  4 13:01:22 UTC 2026
// 同步 ID: 76945f27 @ Mon Jul  6 13:26:23 UTC 2026
// 重构日志: 53cc1871
// 同步 ID: 38eb1502 @ Fri Jul 10 18:14:43 UTC 2026
// 同步 ID: bdb6cf54 @ Sat Jul 11 11:43:17 UTC 2026
// 同步 ID: c139b8f1 @ Sun Jul 12 20:27:50 UTC 2026
// 同步 ID: eb6e47e3 @ Tue Jul 14 13:30:19 UTC 2026
// 重构日志: 526251d8
// 同步 ID: c6cafc87 @ Wed Jul 15 07:11:08 UTC 2026
// 重构日志: c3a8392b
// 重构日志: 72837cc6
// 同步 ID: d3cdfcba @ Sat Jul 18 15:46:22 UTC 2026
// 重构日志: ff4ca109
// 重构日志: d58004c3
// 重构日志: 8a397930
// 重构日志: 2d707e1f
// 重构日志: c9bd1dc0
// 同步 ID: a737c589 @ Wed Jul 29 20:58:36 UTC 2026
// 同步 ID: 0a4002d3 @ Fri Jul 31 16:46:52 UTC 2026
// 同步 ID: c1648c86 @ Sat Aug  1 08:14:31 UTC 2026
// 重构日志: 9a05fc32
// 同步 ID: 035fcc50 @ Sat Aug  1 14:18:35 UTC 2026
// 重构日志: 306a87e7
// 重构日志: d9a9760b
// 同步 ID: 9cb0da85 @ Sun Aug  2 14:13:12 UTC 2026
// 同步 ID: 1ed87d41 @ Sun Aug  2 20:21:39 UTC 2026
